// Vitest Snapshot v1, https://vitest.dev/guide/snapshot.html

exports[`generateStateHistoryChartLineData > appends current state for sensors when endTime is now 1`] = `
{
  "datasetToDataIndex": [
    0,
  ],
  "datasets": [
    {
      "animationDurationUpdate": 0,
      "areaStyle": undefined,
      "color": "#4269d0",
      "cursor": "default",
      "data": [
        [
          1704067200000,
          186.8,
        ],
        [
          1704067224982.0923,
          186.97,
        ],
        [
          1704067249910.79,
          189.41,
        ],
        [
          1704067282200.5754,
          186.79,
        ],
        [
          1704067314990.5144,
          187.37,
        ],
        [
          1704067347910.6682,
          187.18,
        ],
        [
          1704067380741.63,
          196.77,
        ],
        [
          1704067410397.7588,
          202.53,
        ],
        [
          1704067437629.5046,
          203.08,
        ],
        [
          1704067465743.935,
          193.3,
        ],
        [
          1704067495569.3538,
          198.57,
        ],
        [
          1704067520713.7317,
          196.66,
        ],
        [
          1704067548670.7793,
          187.87,
        ],
        [
          1704067580155.8372,
          189,
        ],
        [
          1704067605917.6897,
          196.06,
        ],
        [
          1704067640972.9685,
          189.78,
        ],
        [
          1704067672877.2256,
          181.13,
        ],
        [
          1704067706082.6226,
          171.21,
        ],
        [
          1704067735862.524,
          174.98,
        ],
        [
          1704067766523.3616,
          170.76,
        ],
        [
          1704153600000,
          170.76,
        ],
        [
          1704153600500,
          123.4,
        ],
      ],
      "id": "sensor.power_meter",
      "lineStyle": {
        "width": 1.5,
      },
      "name": "power meter",
      "sampling": "minmax",
      "step": "end",
      "symbol": "circle",
      "symbolSize": 1,
      "tooltip": {
        "show": true,
      },
      "type": "line",
    },
  ],
  "entityIds": [
    "sensor.power_meter",
  ],
  "visualMap": undefined,
  "yAxisFractionDigits": 0,
}
`;

exports[`generateStateHistoryChartLineData > builds a visual map for entities backed by statistics 1`] = `
{
  "datasetToDataIndex": [
    0,
  ],
  "datasets": [
    {
      "animationDurationUpdate": 0,
      "areaStyle": undefined,
      "color": "#4269d0",
      "cursor": "default",
      "data": [
        [
          1704070800000,
          25.777,
        ],
        [
          1704074400000,
          26.145,
        ],
        [
          1704078000000,
          27.768,
        ],
        [
          1704081600000,
          28.73,
        ],
        [
          1704088800000,
          27.932,
        ],
        [
          1704092400000,
          28.953,
        ],
        [
          1704096000000,
          27.029,
        ],
        [
          1704099600000,
          26.12,
        ],
        [
          1704103200000,
          28.087,
        ],
        [
          1704106800000,
          29.481,
        ],
        [
          1704110400000,
          31.424,
        ],
        [
          1704114000000,
          30.293,
        ],
        [
          1704117600000,
          31.808,
        ],
        [
          1704121200000,
          32.405,
        ],
        [
          1704124800000,
          32.715,
        ],
        [
          1704128400000,
          33.153,
        ],
        [
          1704132000000,
          32.519,
        ],
        [
          1704135600000,
          31.516,
        ],
        [
          1704139200000,
          30.631,
        ],
        [
          1704146400000,
          31.665,
        ],
        [
          1704150000000,
          152.34866239518033,
        ],
        [
          1704150000001,
          152.34866239518033,
        ],
        [
          1704150000001,
          null,
        ],
        [
          1704150031958.0571,
          153.42,
        ],
        [
          1704150056807.2236,
          151.01391512000168,
        ],
        [
          1704150056808.2236,
          151.01391512000168,
        ],
        [
          1704150056808.2236,
          null,
        ],
        [
          1704150091858.3403,
          147.62,
        ],
        [
          1704150127066.297,
          138.07,
        ],
        [
          1704150151684.783,
          143.75,
        ],
        [
          1704150183260.0664,
          141.88,
        ],
        [
          1704150209650.6223,
          150.79,
        ],
        [
          1704150236880.155,
          157.85,
        ],
        [
          1704150272687.5718,
          166.74,
        ],
        [
          1704150308228.1506,
          161.11,
        ],
        [
          1704150338859.2727,
          156.94,
        ],
        [
          1704150365415.4243,
          155.04,
        ],
        [
          1704150396394.7698,
          162.75,
        ],
        [
          1704150427249.9072,
          167.02,
        ],
        [
          1704150458126.6,
          174.07,
        ],
        [
          1704150491850.9553,
          172.45,
        ],
        [
          1704150520196.5652,
          162.89,
        ],
        [
          1704150548171.2175,
          158.02,
        ],
        [
          1704150575802.1348,
          155.48,
        ],
        [
          1704153600000,
          155.48,
        ],
      ],
      "id": "sensor.power_meter",
      "lineStyle": {
        "width": 1.5,
      },
      "name": "power meter",
      "sampling": "minmax",
      "step": "end",
      "symbol": "circle",
      "symbolSize": 1,
      "tooltip": {
        "show": true,
      },
      "type": "line",
    },
  ],
  "entityIds": [
    "sensor.power_meter",
  ],
  "visualMap": [
    {
      "dimension": 0,
      "pieces": [
        {
          "colorAlpha": 0.5,
          "max": 1704149999999.99,
        },
        {
          "colorAlpha": 1,
          "min": 1704150000000,
        },
      ],
      "seriesIndex": 0,
      "show": false,
    },
  ],
  "yAxisFractionDigits": 0,
}
`;

exports[`generateStateHistoryChartLineData > large mixed payload digest is stable 1`] = `
{
  "keys": [
    "datasetToDataIndex",
    "datasets",
    "entityIds",
    "visualMap",
    "yAxisFractionDigits",
  ],
  "numberCount": 192710,
  "numberSum": "1.72715324612e+17",
  "type": "object",
}
`;

exports[`generateStateHistoryChartLineData > matches snapshot for a climate entity with hvac action modes 1`] = `
{
  "datasetToDataIndex": [
    0,
    0,
    0,
  ],
  "datasets": [
    {
      "animationDurationUpdate": 0,
      "areaStyle": undefined,
      "color": "#4269d0",
      "cursor": "default",
      "data": [
        [
          1704067200000,
          21.9,
        ],
        [
          1704067225941.6067,
          21.7,
        ],
        [
          1704067258507.0554,
          21.9,
        ],
        [
          1704067290794.0322,
          21.9,
        ],
        [
          1704067321273.3977,
          22.2,
        ],
        [
          1704067354505.8284,
          22,
        ],
        [
          1704067382920.9077,
          22,
        ],
        [
          1704067417277.8145,
          22.1,
        ],
        [
          1704067448290.1362,
          22.2,
        ],
        [
          1704067482352.3828,
          22.2,
        ],
        [
          1704067513202.9585,
          22.3,
        ],
        [
          1704067541670.4272,
          22.2,
        ],
        [
          1704067577416.0847,
          22.3,
        ],
        [
          1704067612847.4614,
          22.4,
        ],
        [
          1704067647233.5242,
          22.2,
        ],
        [
          1704067676793.0413,
          22.2,
        ],
        [
          1704067709867.5427,
          22.3,
        ],
        [
          1704067742875.4692,
          22.1,
        ],
        [
          1704067775163.9705,
          22.3,
        ],
        [
          1704067811047.659,
          22.6,
        ],
        [
          1704067846451.6558,
          22.7,
        ],
        [
          1704067881779.038,
          22.4,
        ],
        [
          1704067913351.4285,
          22.7,
        ],
        [
          1704067937940.725,
          22.9,
        ],
        [
          1704067962289.268,
          22.8,
        ],
        [
          1704067998209.673,
          22.5,
        ],
        [
          1704068024105.3706,
          22.7,
        ],
        [
          1704068056372.3389,
          22.5,
        ],
        [
          1704068081906.9255,
          22.5,
        ],
        [
          1704068114645.16,
          22.3,
        ],
        [
          1704068150221.2263,
          22.3,
        ],
        [
          1704068179469.6719,
          22.4,
        ],
        [
          1704068203613.5625,
          22.3,
        ],
        [
          1704068233007.4753,
          22,
        ],
        [
          1704068258243.8943,
          22.3,
        ],
        [
          1704068291495.2493,
          22,
        ],
        [
          1704068319517.3901,
          21.8,
        ],
        [
          1704068348461.873,
          21.8,
        ],
        [
          1704068377074.674,
          22,
        ],
        [
          1704068404567.1157,
          21.8,
        ],
        [
          1704153600000,
          21.8,
        ],
      ],
      "id": "climate.thermostat-current_temperature",
      "lineStyle": {
        "width": 1.5,
      },
      "name": "ui.card.climate.current_temperature: {"name":"thermostat"}",
      "sampling": "minmax",
      "step": "end",
      "symbol": "circle",
      "symbolSize": 1,
      "tooltip": {
        "show": true,
      },
      "type": "line",
    },
    {
      "animationDurationUpdate": 0,
      "areaStyle": {
        "color": "#ff81007F",
      },
      "color": "#ff8100",
      "cursor": "default",
      "data": [
        [
          1704067200000,
          null,
        ],
        [
          1704067225941.6067,
          null,
        ],
        [
          1704067258507.0554,
          null,
        ],
        [
          1704067290794.0322,
          21.9,
        ],
        [
          1704067321273.3977,
          21.9,
        ],
        [
          1704067321273.3977,
          null,
        ],
        [
          1704067354505.8284,
          null,
        ],
        [
          1704067382920.9077,
          null,
        ],
        [
          1704067417277.8145,
          null,
        ],
        [
          1704067448290.1362,
          null,
        ],
        [
          1704067482352.3828,
          null,
        ],
        [
          1704067513202.9585,
          null,
        ],
        [
          1704067541670.4272,
          null,
        ],
        [
          1704067577416.0847,
          null,
        ],
        [
          1704067612847.4614,
          null,
        ],
        [
          1704067647233.5242,
          null,
        ],
        [
          1704067676793.0413,
          null,
        ],
        [
          1704067709867.5427,
          null,
        ],
        [
          1704067742875.4692,
          null,
        ],
        [
          1704067775163.9705,
          null,
        ],
        [
          1704067811047.659,
          null,
        ],
        [
          1704067846451.6558,
          null,
        ],
        [
          1704067881779.038,
          null,
        ],
        [
          1704067913351.4285,
          null,
        ],
        [
          1704067937940.725,
          null,
        ],
        [
          1704067962289.268,
          null,
        ],
        [
          1704067998209.673,
          null,
        ],
        [
          1704068024105.3706,
          null,
        ],
        [
          1704068056372.3389,
          null,
        ],
        [
          1704068081906.9255,
          null,
        ],
        [
          1704068114645.16,
          null,
        ],
        [
          1704068150221.2263,
          null,
        ],
        [
          1704068179469.6719,
          null,
        ],
        [
          1704068203613.5625,
          null,
        ],
        [
          1704068233007.4753,
          null,
        ],
        [
          1704068258243.8943,
          null,
        ],
        [
          1704068291495.2493,
          null,
        ],
        [
          1704068319517.3901,
          null,
        ],
        [
          1704068348461.873,
          null,
        ],
        [
          1704068377074.674,
          null,
        ],
        [
          1704068404567.1157,
          null,
        ],
        [
          1704153600000,
          null,
        ],
      ],
      "id": "climate.thermostat-heating",
      "lineStyle": {
        "width": 0,
      },
      "name": "ui.card.climate.heating: {"name":"thermostat"}",
      "sampling": "minmax",
      "step": "end",
      "symbol": "circle",
      "symbolSize": 1,
      "tooltip": {
        "show": false,
      },
      "type": "line",
    },
    {
      "animationDurationUpdate": 0,
      "areaStyle": undefined,
      "color": "#f4bd4a",
      "cursor": "default",
      "data": [
        [
          1704067200000,
          22,
        ],
        [
          1704067225941.6067,
          22,
        ],
        [
          1704067258507.0554,
          22,
        ],
        [
          1704067290794.0322,
          22,
        ],
        [
          1704067321273.3977,
          22,
        ],
        [
          1704067354505.8284,
          22,
        ],
        [
          1704067382920.9077,
          18,
        ],
        [
          1704067417277.8145,
          18,
        ],
        [
          1704067448290.1362,
          20,
        ],
        [
          1704067482352.3828,
          20,
        ],
        [
          1704067513202.9585,
          20,
        ],
        [
          1704067541670.4272,
          20,
        ],
        [
          1704067577416.0847,
          20,
        ],
        [
          1704067612847.4614,
          18,
        ],
        [
          1704067647233.5242,
          18,
        ],
        [
          1704067676793.0413,
          18,
        ],
        [
          1704067709867.5427,
          18,
        ],
        [
          1704067742875.4692,
          20,
        ],
        [
          1704067775163.9705,
          20,
        ],
        [
          1704067811047.659,
          20,
        ],
        [
          1704067846451.6558,
          20,
        ],
        [
          1704067881779.038,
          20,
        ],
        [
          1704067913351.4285,
          20,
        ],
        [
          1704067937940.725,
          20,
        ],
        [
          1704067962289.268,
          20,
        ],
        [
          1704067998209.673,
          20,
        ],
        [
          1704068024105.3706,
          20,
        ],
        [
          1704068056372.3389,
          20,
        ],
        [
          1704068081906.9255,
          20,
        ],
        [
          1704068114645.16,
          20,
        ],
        [
          1704068150221.2263,
          20,
        ],
        [
          1704068179469.6719,
          20,
        ],
        [
          1704068203613.5625,
          20,
        ],
        [
          1704068233007.4753,
          20,
        ],
        [
          1704068258243.8943,
          20,
        ],
        [
          1704068291495.2493,
          20,
        ],
        [
          1704068319517.3901,
          20,
        ],
        [
          1704068348461.873,
          21,
        ],
        [
          1704068377074.674,
          21,
        ],
        [
          1704068404567.1157,
          21,
        ],
        [
          1704153600000,
          21,
        ],
      ],
      "id": "climate.thermostat-target_temperature",
      "lineStyle": {
        "width": 1.5,
      },
      "name": "ui.card.climate.target_temperature_entity: {"name":"thermostat"}",
      "sampling": "minmax",
      "step": "end",
      "symbol": "circle",
      "symbolSize": 1,
      "tooltip": {
        "show": true,
      },
      "type": "line",
    },
  ],
  "entityIds": [
    "climate.thermostat",
    "climate.thermostat",
    "climate.thermostat",
  ],
  "visualMap": undefined,
  "yAxisFractionDigits": 1,
}
`;

exports[`generateStateHistoryChartLineData > matches snapshot for numeric sensors 1`] = `
{
  "datasetToDataIndex": [
    0,
    1,
  ],
  "datasets": [
    {
      "animationDurationUpdate": 0,
      "areaStyle": undefined,
      "color": "#4269d0",
      "cursor": "default",
      "data": [
        [
          1704067230329.3645,
          172.07,
        ],
        [
          1704067257702.6064,
          176.49,
        ],
        [
          1704067286812.17,
          175.6,
        ],
        [
          1704067286812.17,
          175.6,
        ],
        [
          1704067345522.567,
          168.69,
        ],
        [
          1704067345522.567,
          168.69,
        ],
        [
          1704067404127.7256,
          164.4,
        ],
        [
          1704067404127.7256,
          164.4,
        ],
        [
          1704067459546.792,
          170.38,
        ],
        [
          1704067487085.2305,
          173.54,
        ],
        [
          1704067517638.2188,
          167.39,
        ],
        [
          1704067550289.5916,
          172.8,
        ],
        [
          1704067586223.9995,
          177.94,
        ],
        [
          1704067612063.2507,
          176.21,
        ],
        [
          1704067639053.8027,
          180.73,
        ],
        [
          1704067639053.8027,
          180.73,
        ],
        [
          1704067728612.4321,
          175.5,
        ],
        [
          1704067764484.962,
          173.55,
        ],
        [
          1704067792113.436,
          182.6,
        ],
        [
          1704067827193.4102,
          190.98,
        ],
        [
          1704067861206.4724,
          183.27,
        ],
        [
          1704067885679.8484,
          179.16,
        ],
        [
          1704067920254.5667,
          187.88,
        ],
        [
          1704067952707.311,
          191.42,
        ],
        [
          1704067952707.311,
          191.42,
        ],
        [
          1704068023828.4763,
          189.18,
        ],
        [
          1704068049239.648,
          185.67,
        ],
        [
          1704068081130.2656,
          186.3,
        ],
        [
          1704068106043.6152,
          193.38,
        ],
        [
          1704068133317.0537,
          189.45,
        ],
        [
          1704068168044.7437,
          182.32,
        ],
        [
          1704068199899.6624,
          178.82,
        ],
        [
          1704068199899.6624,
          178.82,
        ],
        [
          1704068250150.7913,
          182.33,
        ],
        [
          1704068250150.7913,
          182.33,
        ],
        [
          1704068312066.159,
          176.57,
        ],
        [
          1704068345572.5408,
          186.4,
        ],
        [
          1704068381020.6404,
          176.47,
        ],
        [
          1704153600000,
          176.47,
        ],
      ],
      "id": "sensor.power_meter",
      "lineStyle": {
        "width": 1.5,
      },
      "name": "power meter",
      "sampling": "minmax",
      "step": "end",
      "symbol": "circle",
      "symbolSize": 1,
      "tooltip": {
        "show": true,
      },
      "type": "line",
    },
    {
      "animationDurationUpdate": 0,
      "areaStyle": undefined,
      "color": "#f4bd4a",
      "cursor": "default",
      "data": [
        [
          1704067200000,
          169.13,
        ],
        [
          1704067230455.462,
          171.75,
        ],
        [
          1704067260445.8809,
          177.38,
        ],
        [
          1704067285814.2615,
          171.41,
        ],
        [
          1704067314904.9695,
          173.04,
        ],
        [
          1704067340597.0498,
          170.37,
        ],
        [
          1704067340597.0498,
          170.37,
        ],
        [
          1704067436775.0784,
          160.51,
        ],
        [
          1704067472056.3083,
          163.21,
        ],
        [
          1704067507917.2332,
          162.57,
        ],
        [
          1704067507917.2332,
          162.57,
        ],
        [
          1704067591044.5876,
          168.67,
        ],
        [
          1704067615052.101,
          160.12,
        ],
        [
          1704067650720.5776,
          154.01,
        ],
        [
          1704067650720.5776,
          154.01,
        ],
        [
          1704067716190.9385,
          160.55,
        ],
        [
          1704067745538.969,
          151.98,
        ],
        [
          1704067778108.133,
          158.75,
        ],
        [
          1704067809807.1582,
          149.42,
        ],
        [
          1704067843992.4546,
          150.38,
        ],
        [
          1704067871742.4832,
          158.94,
        ],
        [
          1704067901105.9211,
          149.31,
        ],
        [
          1704067936533.8892,
          148.08,
        ],
        [
          1704067970124.2383,
          156.47,
        ],
        [
          1704067999305.975,
          159.39,
        ],
        [
          1704068030796.041,
          168.15,
        ],
        [
          1704068057257.717,
          165.06,
        ],
        [
          1704068057257.717,
          165.06,
        ],
        [
          1704068115161.798,
          158.4,
        ],
        [
          1704068148485.4495,
          156.79,
        ],
        [
          1704068177228.2356,
          156.3,
        ],
        [
          1704068213102.3208,
          148,
        ],
        [
          1704068213102.3208,
          148,
        ],
        [
          1704068278409.9365,
          150.95,
        ],
        [
          1704068305849.6206,
          153.98,
        ],
        [
          1704068331139.7825,
          158.63,
        ],
        [
          1704068366845.436,
          150.91,
        ],
        [
          1704068397785.1826,
          141.49,
        ],
        [
          1704153600000,
          141.49,
        ],
      ],
      "id": "sensor.power_solar",
      "lineStyle": {
        "width": 1.5,
      },
      "name": "power solar",
      "sampling": "minmax",
      "step": "end",
      "symbol": "circle",
      "symbolSize": 1,
      "tooltip": {
        "show": true,
      },
      "type": "line",
    },
  ],
  "entityIds": [
    "sensor.power_meter",
    "sensor.power_solar",
  ],
  "visualMap": undefined,
  "yAxisFractionDigits": 0,
}
`;
