// Vitest Snapshot v1, https://vitest.dev/guide/snapshot.html

exports[`generateStateHistoryChartLineData > appends current state for sensors when endTime is now 1`] = `
{
  "datasetToDataIndex": [
    0,
  ],
  "datasets": [
    {
      "animationDurationUpdate": 0,
      "areaStyle": undefined,
      "color": "#4269d0",
      "cursor": "default",
      "data": [
        [
          2024-01-01T00:00:00.000Z,
          186.8,
        ],
        [
          2024-01-01T00:00:24.982Z,
          186.97,
        ],
        [
          2024-01-01T00:00:49.910Z,
          189.41,
        ],
        [
          2024-01-01T00:01:22.200Z,
          186.79,
        ],
        [
          2024-01-01T00:01:54.990Z,
          187.37,
        ],
        [
          2024-01-01T00:02:27.910Z,
          187.18,
        ],
        [
          2024-01-01T00:03:00.741Z,
          196.77,
        ],
        [
          2024-01-01T00:03:30.397Z,
          202.53,
        ],
        [
          2024-01-01T00:03:57.629Z,
          203.08,
        ],
        [
          2024-01-01T00:04:25.743Z,
          193.3,
        ],
        [
          2024-01-01T00:04:55.569Z,
          198.57,
        ],
        [
          2024-01-01T00:05:20.713Z,
          196.66,
        ],
        [
          2024-01-01T00:05:48.670Z,
          187.87,
        ],
        [
          2024-01-01T00:06:20.155Z,
          189,
        ],
        [
          2024-01-01T00:06:45.917Z,
          196.06,
        ],
        [
          2024-01-01T00:07:20.972Z,
          189.78,
        ],
        [
          2024-01-01T00:07:52.877Z,
          181.13,
        ],
        [
          2024-01-01T00:08:26.082Z,
          171.21,
        ],
        [
          2024-01-01T00:08:55.862Z,
          174.98,
        ],
        [
          2024-01-01T00:09:26.523Z,
          170.76,
        ],
        [
          2024-01-02T00:00:00.000Z,
          170.76,
        ],
        [
          2024-01-02T00:00:00.500Z,
          123.4,
        ],
      ],
      "id": "sensor.power_meter",
      "lineStyle": {
        "width": 1.5,
      },
      "name": "power meter",
      "sampling": "minmax",
      "step": "end",
      "symbol": "circle",
      "symbolSize": 1,
      "tooltip": {
        "show": true,
      },
      "type": "line",
    },
  ],
  "entityIds": [
    "sensor.power_meter",
  ],
  "visualMap": undefined,
  "yAxisFractionDigits": 0,
}
`;

exports[`generateStateHistoryChartLineData > builds a visual map for entities backed by statistics 1`] = `
{
  "datasetToDataIndex": [
    0,
  ],
  "datasets": [
    {
      "animationDurationUpdate": 0,
      "areaStyle": undefined,
      "color": "#4269d0",
      "cursor": "default",
      "data": [
        [
          2024-01-01T01:00:00.000Z,
          25.777,
        ],
        [
          2024-01-01T02:00:00.000Z,
          26.145,
        ],
        [
          2024-01-01T03:00:00.000Z,
          27.768,
        ],
        [
          2024-01-01T04:00:00.000Z,
          28.73,
        ],
        [
          2024-01-01T06:00:00.000Z,
          27.932,
        ],
        [
          2024-01-01T07:00:00.000Z,
          28.953,
        ],
        [
          2024-01-01T08:00:00.000Z,
          27.029,
        ],
        [
          2024-01-01T09:00:00.000Z,
          26.12,
        ],
        [
          2024-01-01T10:00:00.000Z,
          28.087,
        ],
        [
          2024-01-01T11:00:00.000Z,
          29.481,
        ],
        [
          2024-01-01T12:00:00.000Z,
          31.424,
        ],
        [
          2024-01-01T13:00:00.000Z,
          30.293,
        ],
        [
          2024-01-01T14:00:00.000Z,
          31.808,
        ],
        [
          2024-01-01T15:00:00.000Z,
          32.405,
        ],
        [
          2024-01-01T16:00:00.000Z,
          32.715,
        ],
        [
          2024-01-01T17:00:00.000Z,
          33.153,
        ],
        [
          2024-01-01T18:00:00.000Z,
          32.519,
        ],
        [
          2024-01-01T19:00:00.000Z,
          31.516,
        ],
        [
          2024-01-01T20:00:00.000Z,
          30.631,
        ],
        [
          2024-01-01T22:00:00.000Z,
          31.665,
        ],
        [
          2024-01-01T23:00:00.000Z,
          152.34866429347474,
        ],
        [
          2024-01-01T23:00:00.001Z,
          152.34866429347474,
        ],
        [
          2024-01-01T23:00:00.001Z,
          null,
        ],
        [
          2024-01-01T23:00:31.958Z,
          153.42,
        ],
        [
          2024-01-01T23:00:56.807Z,
          151.01391986644407,
        ],
        [
          2024-01-01T23:00:56.808Z,
          151.01391986644407,
        ],
        [
          2024-01-01T23:00:56.808Z,
          null,
        ],
        [
          2024-01-01T23:01:31.858Z,
          147.62,
        ],
        [
          2024-01-01T23:02:07.066Z,
          138.07,
        ],
        [
          2024-01-01T23:02:31.684Z,
          143.75,
        ],
        [
          2024-01-01T23:03:03.260Z,
          141.88,
        ],
        [
          2024-01-01T23:03:29.650Z,
          150.79,
        ],
        [
          2024-01-01T23:03:56.880Z,
          157.85,
        ],
        [
          2024-01-01T23:04:32.687Z,
          166.74,
        ],
        [
          2024-01-01T23:05:08.228Z,
          161.11,
        ],
        [
          2024-01-01T23:05:38.859Z,
          156.94,
        ],
        [
          2024-01-01T23:06:05.415Z,
          155.04,
        ],
        [
          2024-01-01T23:06:36.394Z,
          162.75,
        ],
        [
          2024-01-01T23:07:07.249Z,
          167.02,
        ],
        [
          2024-01-01T23:07:38.126Z,
          174.07,
        ],
        [
          2024-01-01T23:08:11.850Z,
          172.45,
        ],
        [
          2024-01-01T23:08:40.196Z,
          162.89,
        ],
        [
          2024-01-01T23:09:08.171Z,
          158.02,
        ],
        [
          2024-01-01T23:09:35.802Z,
          155.48,
        ],
        [
          2024-01-02T00:00:00.000Z,
          155.48,
        ],
      ],
      "id": "sensor.power_meter",
      "lineStyle": {
        "width": 1.5,
      },
      "name": "power meter",
      "sampling": "minmax",
      "step": "end",
      "symbol": "circle",
      "symbolSize": 1,
      "tooltip": {
        "show": true,
      },
      "type": "line",
    },
  ],
  "entityIds": [
    "sensor.power_meter",
  ],
  "visualMap": [
    {
      "dimension": 0,
      "pieces": [
        {
          "colorAlpha": 0.5,
          "max": 1704149999999.99,
        },
        {
          "colorAlpha": 1,
          "min": 1704150000000,
        },
      ],
      "seriesIndex": 0,
      "show": false,
    },
  ],
  "yAxisFractionDigits": 0,
}
`;

exports[`generateStateHistoryChartLineData > large mixed payload digest is stable 1`] = `
{
  "keys": [
    "datasetToDataIndex",
    "datasets",
    "entityIds",
    "visualMap",
    "yAxisFractionDigits",
  ],
  "numberCount": 91368,
  "numberSum": "27408070.8667",
  "type": "object",
}
`;

exports[`generateStateHistoryChartLineData > matches snapshot for a climate entity with hvac action modes 1`] = `
{
  "datasetToDataIndex": [
    0,
    0,
    0,
  ],
  "datasets": [
    {
      "animationDurationUpdate": 0,
      "areaStyle": undefined,
      "color": "#4269d0",
      "cursor": "default",
      "data": [
        [
          2024-01-01T00:00:00.000Z,
          21.9,
        ],
        [
          2024-01-01T00:00:25.941Z,
          21.7,
        ],
        [
          2024-01-01T00:00:58.507Z,
          21.9,
        ],
        [
          2024-01-01T00:01:30.794Z,
          21.9,
        ],
        [
          2024-01-01T00:02:01.273Z,
          22.2,
        ],
        [
          2024-01-01T00:02:34.505Z,
          22,
        ],
        [
          2024-01-01T00:03:02.920Z,
          22,
        ],
        [
          2024-01-01T00:03:37.277Z,
          22.1,
        ],
        [
          2024-01-01T00:04:08.290Z,
          22.2,
        ],
        [
          2024-01-01T00:04:42.352Z,
          22.2,
        ],
        [
          2024-01-01T00:05:13.202Z,
          22.3,
        ],
        [
          2024-01-01T00:05:41.670Z,
          22.2,
        ],
        [
          2024-01-01T00:06:17.416Z,
          22.3,
        ],
        [
          2024-01-01T00:06:52.847Z,
          22.4,
        ],
        [
          2024-01-01T00:07:27.233Z,
          22.2,
        ],
        [
          2024-01-01T00:07:56.793Z,
          22.2,
        ],
        [
          2024-01-01T00:08:29.867Z,
          22.3,
        ],
        [
          2024-01-01T00:09:02.875Z,
          22.1,
        ],
        [
          2024-01-01T00:09:35.163Z,
          22.3,
        ],
        [
          2024-01-01T00:10:11.047Z,
          22.6,
        ],
        [
          2024-01-01T00:10:46.451Z,
          22.7,
        ],
        [
          2024-01-01T00:11:21.779Z,
          22.4,
        ],
        [
          2024-01-01T00:11:53.351Z,
          22.7,
        ],
        [
          2024-01-01T00:12:17.940Z,
          22.9,
        ],
        [
          2024-01-01T00:12:42.289Z,
          22.8,
        ],
        [
          2024-01-01T00:13:18.209Z,
          22.5,
        ],
        [
          2024-01-01T00:13:44.105Z,
          22.7,
        ],
        [
          2024-01-01T00:14:16.372Z,
          22.5,
        ],
        [
          2024-01-01T00:14:41.906Z,
          22.5,
        ],
        [
          2024-01-01T00:15:14.645Z,
          22.3,
        ],
        [
          2024-01-01T00:15:50.221Z,
          22.3,
        ],
        [
          2024-01-01T00:16:19.469Z,
          22.4,
        ],
        [
          2024-01-01T00:16:43.613Z,
          22.3,
        ],
        [
          2024-01-01T00:17:13.007Z,
          22,
        ],
        [
          2024-01-01T00:17:38.243Z,
          22.3,
        ],
        [
          2024-01-01T00:18:11.495Z,
          22,
        ],
        [
          2024-01-01T00:18:39.517Z,
          21.8,
        ],
        [
          2024-01-01T00:19:08.461Z,
          21.8,
        ],
        [
          2024-01-01T00:19:37.074Z,
          22,
        ],
        [
          2024-01-01T00:20:04.567Z,
          21.8,
        ],
        [
          2024-01-02T00:00:00.000Z,
          21.8,
        ],
      ],
      "id": "climate.thermostat-current_temperature",
      "lineStyle": {
        "width": 1.5,
      },
      "name": "ui.card.climate.current_temperature: {"name":"thermostat"}",
      "sampling": "minmax",
      "step": "end",
      "symbol": "circle",
      "symbolSize": 1,
      "tooltip": {
        "show": true,
      },
      "type": "line",
    },
    {
      "animationDurationUpdate": 0,
      "areaStyle": {
        "color": "#ff81007F",
      },
      "color": "#ff8100",
      "cursor": "default",
      "data": [
        [
          2024-01-01T00:00:00.000Z,
          null,
        ],
        [
          2024-01-01T00:00:25.941Z,
          null,
        ],
        [
          2024-01-01T00:00:58.507Z,
          null,
        ],
        [
          2024-01-01T00:01:30.794Z,
          21.9,
        ],
        [
          2024-01-01T00:02:01.273Z,
          21.9,
        ],
        [
          2024-01-01T00:02:01.273Z,
          null,
        ],
        [
          2024-01-01T00:02:34.505Z,
          null,
        ],
        [
          2024-01-01T00:03:02.920Z,
          null,
        ],
        [
          2024-01-01T00:03:37.277Z,
          null,
        ],
        [
          2024-01-01T00:04:08.290Z,
          null,
        ],
        [
          2024-01-01T00:04:42.352Z,
          null,
        ],
        [
          2024-01-01T00:05:13.202Z,
          null,
        ],
        [
          2024-01-01T00:05:41.670Z,
          null,
        ],
        [
          2024-01-01T00:06:17.416Z,
          null,
        ],
        [
          2024-01-01T00:06:52.847Z,
          null,
        ],
        [
          2024-01-01T00:07:27.233Z,
          null,
        ],
        [
          2024-01-01T00:07:56.793Z,
          null,
        ],
        [
          2024-01-01T00:08:29.867Z,
          null,
        ],
        [
          2024-01-01T00:09:02.875Z,
          null,
        ],
        [
          2024-01-01T00:09:35.163Z,
          null,
        ],
        [
          2024-01-01T00:10:11.047Z,
          null,
        ],
        [
          2024-01-01T00:10:46.451Z,
          null,
        ],
        [
          2024-01-01T00:11:21.779Z,
          null,
        ],
        [
          2024-01-01T00:11:53.351Z,
          null,
        ],
        [
          2024-01-01T00:12:17.940Z,
          null,
        ],
        [
          2024-01-01T00:12:42.289Z,
          null,
        ],
        [
          2024-01-01T00:13:18.209Z,
          null,
        ],
        [
          2024-01-01T00:13:44.105Z,
          null,
        ],
        [
          2024-01-01T00:14:16.372Z,
          null,
        ],
        [
          2024-01-01T00:14:41.906Z,
          null,
        ],
        [
          2024-01-01T00:15:14.645Z,
          null,
        ],
        [
          2024-01-01T00:15:50.221Z,
          null,
        ],
        [
          2024-01-01T00:16:19.469Z,
          null,
        ],
        [
          2024-01-01T00:16:43.613Z,
          null,
        ],
        [
          2024-01-01T00:17:13.007Z,
          null,
        ],
        [
          2024-01-01T00:17:38.243Z,
          null,
        ],
        [
          2024-01-01T00:18:11.495Z,
          null,
        ],
        [
          2024-01-01T00:18:39.517Z,
          null,
        ],
        [
          2024-01-01T00:19:08.461Z,
          null,
        ],
        [
          2024-01-01T00:19:37.074Z,
          null,
        ],
        [
          2024-01-01T00:20:04.567Z,
          null,
        ],
        [
          2024-01-02T00:00:00.000Z,
          null,
        ],
      ],
      "id": "climate.thermostat-heating",
      "lineStyle": {
        "width": 0,
      },
      "name": "ui.card.climate.heating: {"name":"thermostat"}",
      "sampling": "minmax",
      "step": "end",
      "symbol": "circle",
      "symbolSize": 1,
      "tooltip": {
        "show": false,
      },
      "type": "line",
    },
    {
      "animationDurationUpdate": 0,
      "areaStyle": undefined,
      "color": "#f4bd4a",
      "cursor": "default",
      "data": [
        [
          2024-01-01T00:00:00.000Z,
          22,
        ],
        [
          2024-01-01T00:00:25.941Z,
          22,
        ],
        [
          2024-01-01T00:00:58.507Z,
          22,
        ],
        [
          2024-01-01T00:01:30.794Z,
          22,
        ],
        [
          2024-01-01T00:02:01.273Z,
          22,
        ],
        [
          2024-01-01T00:02:34.505Z,
          22,
        ],
        [
          2024-01-01T00:03:02.920Z,
          18,
        ],
        [
          2024-01-01T00:03:37.277Z,
          18,
        ],
        [
          2024-01-01T00:04:08.290Z,
          20,
        ],
        [
          2024-01-01T00:04:42.352Z,
          20,
        ],
        [
          2024-01-01T00:05:13.202Z,
          20,
        ],
        [
          2024-01-01T00:05:41.670Z,
          20,
        ],
        [
          2024-01-01T00:06:17.416Z,
          20,
        ],
        [
          2024-01-01T00:06:52.847Z,
          18,
        ],
        [
          2024-01-01T00:07:27.233Z,
          18,
        ],
        [
          2024-01-01T00:07:56.793Z,
          18,
        ],
        [
          2024-01-01T00:08:29.867Z,
          18,
        ],
        [
          2024-01-01T00:09:02.875Z,
          20,
        ],
        [
          2024-01-01T00:09:35.163Z,
          20,
        ],
        [
          2024-01-01T00:10:11.047Z,
          20,
        ],
        [
          2024-01-01T00:10:46.451Z,
          20,
        ],
        [
          2024-01-01T00:11:21.779Z,
          20,
        ],
        [
          2024-01-01T00:11:53.351Z,
          20,
        ],
        [
          2024-01-01T00:12:17.940Z,
          20,
        ],
        [
          2024-01-01T00:12:42.289Z,
          20,
        ],
        [
          2024-01-01T00:13:18.209Z,
          20,
        ],
        [
          2024-01-01T00:13:44.105Z,
          20,
        ],
        [
          2024-01-01T00:14:16.372Z,
          20,
        ],
        [
          2024-01-01T00:14:41.906Z,
          20,
        ],
        [
          2024-01-01T00:15:14.645Z,
          20,
        ],
        [
          2024-01-01T00:15:50.221Z,
          20,
        ],
        [
          2024-01-01T00:16:19.469Z,
          20,
        ],
        [
          2024-01-01T00:16:43.613Z,
          20,
        ],
        [
          2024-01-01T00:17:13.007Z,
          20,
        ],
        [
          2024-01-01T00:17:38.243Z,
          20,
        ],
        [
          2024-01-01T00:18:11.495Z,
          20,
        ],
        [
          2024-01-01T00:18:39.517Z,
          20,
        ],
        [
          2024-01-01T00:19:08.461Z,
          21,
        ],
        [
          2024-01-01T00:19:37.074Z,
          21,
        ],
        [
          2024-01-01T00:20:04.567Z,
          21,
        ],
        [
          2024-01-02T00:00:00.000Z,
          21,
        ],
      ],
      "id": "climate.thermostat-target_temperature",
      "lineStyle": {
        "width": 1.5,
      },
      "name": "ui.card.climate.target_temperature_entity: {"name":"thermostat"}",
      "sampling": "minmax",
      "step": "end",
      "symbol": "circle",
      "symbolSize": 1,
      "tooltip": {
        "show": true,
      },
      "type": "line",
    },
  ],
  "entityIds": [
    "climate.thermostat",
    "climate.thermostat",
    "climate.thermostat",
  ],
  "visualMap": undefined,
  "yAxisFractionDigits": 1,
}
`;

exports[`generateStateHistoryChartLineData > matches snapshot for numeric sensors 1`] = `
{
  "datasetToDataIndex": [
    0,
    1,
  ],
  "datasets": [
    {
      "animationDurationUpdate": 0,
      "areaStyle": undefined,
      "color": "#4269d0",
      "cursor": "default",
      "data": [
        [
          2024-01-01T00:00:30.329Z,
          172.07,
        ],
        [
          2024-01-01T00:00:57.702Z,
          176.49,
        ],
        [
          2024-01-01T00:01:26.812Z,
          175.6,
        ],
        [
          2024-01-01T00:01:26.812Z,
          175.6,
        ],
        [
          2024-01-01T00:02:25.522Z,
          168.69,
        ],
        [
          2024-01-01T00:02:25.522Z,
          168.69,
        ],
        [
          2024-01-01T00:03:24.127Z,
          164.4,
        ],
        [
          2024-01-01T00:03:24.127Z,
          164.4,
        ],
        [
          2024-01-01T00:04:19.546Z,
          170.38,
        ],
        [
          2024-01-01T00:04:47.085Z,
          173.54,
        ],
        [
          2024-01-01T00:05:17.638Z,
          167.39,
        ],
        [
          2024-01-01T00:05:50.289Z,
          172.8,
        ],
        [
          2024-01-01T00:06:26.223Z,
          177.94,
        ],
        [
          2024-01-01T00:06:52.063Z,
          176.21,
        ],
        [
          2024-01-01T00:07:19.053Z,
          180.73,
        ],
        [
          2024-01-01T00:07:19.053Z,
          180.73,
        ],
        [
          2024-01-01T00:08:48.612Z,
          175.5,
        ],
        [
          2024-01-01T00:09:24.484Z,
          173.55,
        ],
        [
          2024-01-01T00:09:52.113Z,
          182.6,
        ],
        [
          2024-01-01T00:10:27.193Z,
          190.98,
        ],
        [
          2024-01-01T00:11:01.206Z,
          183.27,
        ],
        [
          2024-01-01T00:11:25.679Z,
          179.16,
        ],
        [
          2024-01-01T00:12:00.254Z,
          187.88,
        ],
        [
          2024-01-01T00:12:32.707Z,
          191.42,
        ],
        [
          2024-01-01T00:12:32.707Z,
          191.42,
        ],
        [
          2024-01-01T00:13:43.828Z,
          189.18,
        ],
        [
          2024-01-01T00:14:09.239Z,
          185.67,
        ],
        [
          2024-01-01T00:14:41.130Z,
          186.3,
        ],
        [
          2024-01-01T00:15:06.043Z,
          193.38,
        ],
        [
          2024-01-01T00:15:33.317Z,
          189.45,
        ],
        [
          2024-01-01T00:16:08.044Z,
          182.32,
        ],
        [
          2024-01-01T00:16:39.899Z,
          178.82,
        ],
        [
          2024-01-01T00:16:39.899Z,
          178.82,
        ],
        [
          2024-01-01T00:17:30.150Z,
          182.33,
        ],
        [
          2024-01-01T00:17:30.150Z,
          182.33,
        ],
        [
          2024-01-01T00:18:32.066Z,
          176.57,
        ],
        [
          2024-01-01T00:19:05.572Z,
          186.4,
        ],
        [
          2024-01-01T00:19:41.020Z,
          176.47,
        ],
        [
          2024-01-02T00:00:00.000Z,
          176.47,
        ],
      ],
      "id": "sensor.power_meter",
      "lineStyle": {
        "width": 1.5,
      },
      "name": "power meter",
      "sampling": "minmax",
      "step": "end",
      "symbol": "circle",
      "symbolSize": 1,
      "tooltip": {
        "show": true,
      },
      "type": "line",
    },
    {
      "animationDurationUpdate": 0,
      "areaStyle": undefined,
      "color": "#f4bd4a",
      "cursor": "default",
      "data": [
        [
          2024-01-01T00:00:00.000Z,
          169.13,
        ],
        [
          2024-01-01T00:00:30.455Z,
          171.75,
        ],
        [
          2024-01-01T00:01:00.445Z,
          177.38,
        ],
        [
          2024-01-01T00:01:25.814Z,
          171.41,
        ],
        [
          2024-01-01T00:01:54.904Z,
          173.04,
        ],
        [
          2024-01-01T00:02:20.597Z,
          170.37,
        ],
        [
          2024-01-01T00:02:20.597Z,
          170.37,
        ],
        [
          2024-01-01T00:03:56.775Z,
          160.51,
        ],
        [
          2024-01-01T00:04:32.056Z,
          163.21,
        ],
        [
          2024-01-01T00:05:07.917Z,
          162.57,
        ],
        [
          2024-01-01T00:05:07.917Z,
          162.57,
        ],
        [
          2024-01-01T00:06:31.044Z,
          168.67,
        ],
        [
          2024-01-01T00:06:55.052Z,
          160.12,
        ],
        [
          2024-01-01T00:07:30.720Z,
          154.01,
        ],
        [
          2024-01-01T00:07:30.720Z,
          154.01,
        ],
        [
          2024-01-01T00:08:36.190Z,
          160.55,
        ],
        [
          2024-01-01T00:09:05.538Z,
          151.98,
        ],
        [
          2024-01-01T00:09:38.108Z,
          158.75,
        ],
        [
          2024-01-01T00:10:09.807Z,
          149.42,
        ],
        [
          2024-01-01T00:10:43.992Z,
          150.38,
        ],
        [
          2024-01-01T00:11:11.742Z,
          158.94,
        ],
        [
          2024-01-01T00:11:41.105Z,
          149.31,
        ],
        [
          2024-01-01T00:12:16.533Z,
          148.08,
        ],
        [
          2024-01-01T00:12:50.124Z,
          156.47,
        ],
        [
          2024-01-01T00:13:19.305Z,
          159.39,
        ],
        [
          2024-01-01T00:13:50.796Z,
          168.15,
        ],
        [
          2024-01-01T00:14:17.257Z,
          165.06,
        ],
        [
          2024-01-01T00:14:17.257Z,
          165.06,
        ],
        [
          2024-01-01T00:15:15.161Z,
          158.4,
        ],
        [
          2024-01-01T00:15:48.485Z,
          156.79,
        ],
        [
          2024-01-01T00:16:17.228Z,
          156.3,
        ],
        [
          2024-01-01T00:16:53.102Z,
          148,
        ],
        [
          2024-01-01T00:16:53.102Z,
          148,
        ],
        [
          2024-01-01T00:17:58.409Z,
          150.95,
        ],
        [
          2024-01-01T00:18:25.849Z,
          153.98,
        ],
        [
          2024-01-01T00:18:51.139Z,
          158.63,
        ],
        [
          2024-01-01T00:19:26.845Z,
          150.91,
        ],
        [
          2024-01-01T00:19:57.785Z,
          141.49,
        ],
        [
          2024-01-02T00:00:00.000Z,
          141.49,
        ],
      ],
      "id": "sensor.power_solar",
      "lineStyle": {
        "width": 1.5,
      },
      "name": "power solar",
      "sampling": "minmax",
      "step": "end",
      "symbol": "circle",
      "symbolSize": 1,
      "tooltip": {
        "show": true,
      },
      "type": "line",
    },
  ],
  "entityIds": [
    "sensor.power_meter",
    "sensor.power_solar",
  ],
  "visualMap": undefined,
  "yAxisFractionDigits": 0,
}
`;
