// Vitest Snapshot v1, https://vitest.dev/guide/snapshot.html

exports[`generateStatisticsChartData > appends current state for recent data 1`] = `
{
  "datasets": [
    {
      "animationDurationUpdate": 0,
      "color": "#4269d0",
      "cursor": "default",
      "data": [
        [
          1704067200000,
          25.777,
        ],
        [
          1704070800000,
          26.145,
        ],
        [
          1704074400000,
          27.768,
        ],
        [
          1704078000000,
          28.73,
        ],
        [
          1704081600000,
          28.73,
        ],
        [
          1704081600000,
          null,
        ],
        [
          1704085200000,
          27.932,
        ],
        [
          1704088800000,
          28.953,
        ],
        [
          1704092400000,
          27.029,
        ],
        [
          1704096000000,
          26.12,
        ],
        [
          1704099600000,
          28.087,
        ],
        [
          1704103200000,
          29.481,
        ],
        [
          1704106800000,
          31.424,
        ],
        [
          1704110400000,
          30.293,
        ],
        [
          1704114000000,
          31.808,
        ],
        [
          1704117600000,
          32.405,
        ],
        [
          1704121200000,
          32.715,
        ],
        [
          1704124800000,
          33.153,
        ],
        [
          1704128400000,
          32.519,
        ],
        [
          1704132000000,
          31.516,
        ],
        [
          1704135600000,
          30.631,
        ],
        [
          1704139200000,
          30.631,
        ],
        [
          1704139200000,
          null,
        ],
        [
          1704142800000,
          31.665,
        ],
        [
          1704146400000,
          29.972,
        ],
        [
          1704150000000,
          30.071,
        ],
        [
          1704150000000,
          30.071,
        ],
      ],
      "id": "sensor.temp_indoor-mean",
      "itemStyle": undefined,
      "lineStyle": {
        "width": 1.5,
      },
      "name": "temp indoor (ui.components.statistics_charts.statistic_types.mean)",
      "sampling": "minmax",
      "smooth": 0.4,
      "symbol": "none",
      "type": "line",
    },
    {
      "color": "#4269d0",
      "data": [],
      "id": "sensor.temp_indoor",
      "itemStyle": {
        "borderColor": undefined,
      },
      "name": "temp indoor",
      "type": "line",
      "xAxisIndex": 1,
    },
  ],
  "legendData": [
    {
      "borderColor": undefined,
      "color": "#4269d0",
      "id": "sensor.temp_indoor",
      "name": "temp indoor",
      "noLabelClick": false,
    },
  ],
  "statisticIds": [
    "sensor.temp_indoor",
  ],
  "unit": "°C",
  "yAxisFractionDigits": 0,
}
`;

exports[`generateStatisticsChartData > large dataset digest is stable 1`] = `
{
  "keys": [
    "datasets",
    "legendData",
    "statisticIds",
    "unit",
    "yAxisFractionDigits",
  ],
  "numberCount": 28473,
  "numberSum": "2.09841998051e+16",
  "type": "object",
}
`;

exports[`generateStatisticsChartData > matches snapshot for a bar chart with sum statistics 1`] = `
{
  "datasets": [
    {
      "animationDurationUpdate": 0,
      "color": "#4269d07F",
      "cursor": "default",
      "data": [
        [
          1704069000000,
          0,
          2024-01-01T00:00:00.000Z,
          2024-01-01T01:00:00.000Z,
        ],
        [
          1704072600000,
          1.7500000000000002,
          2024-01-01T01:00:00.000Z,
          2024-01-01T02:00:00.000Z,
        ],
        [
          1704076200000,
          2.7489999999999997,
          2024-01-01T02:00:00.000Z,
          2024-01-01T03:00:00.000Z,
        ],
        [
          1704079800000,
          4.312,
          2024-01-01T03:00:00.000Z,
          2024-01-01T04:00:00.000Z,
        ],
        [
          1704083400000,
          5.883,
          2024-01-01T04:00:00.000Z,
          2024-01-01T05:00:00.000Z,
        ],
        [
          1704087000000,
          6.732,
          2024-01-01T05:00:00.000Z,
          2024-01-01T06:00:00.000Z,
        ],
        [
          1704090600000,
          7.895,
          2024-01-01T06:00:00.000Z,
          2024-01-01T07:00:00.000Z,
        ],
        [
          1704094200000,
          9.239,
          2024-01-01T07:00:00.000Z,
          2024-01-01T08:00:00.000Z,
        ],
        [
          1704097800000,
          11.182,
          2024-01-01T08:00:00.000Z,
          2024-01-01T09:00:00.000Z,
        ],
        [
          1704101400000,
          13.013,
          2024-01-01T09:00:00.000Z,
          2024-01-01T10:00:00.000Z,
        ],
        [
          1704105000000,
          13.269,
          2024-01-01T10:00:00.000Z,
          2024-01-01T11:00:00.000Z,
        ],
        [
          1704108600000,
          13.283,
          2024-01-01T11:00:00.000Z,
          2024-01-01T12:00:00.000Z,
        ],
        [
          1704112200000,
          14.187,
          2024-01-01T12:00:00.000Z,
          2024-01-01T13:00:00.000Z,
        ],
        [
          1704115800000,
          16.163999999999998,
          2024-01-01T13:00:00.000Z,
          2024-01-01T14:00:00.000Z,
        ],
        [
          1704119400000,
          17.099999999999998,
          2024-01-01T14:00:00.000Z,
          2024-01-01T15:00:00.000Z,
        ],
        [
          1704123000000,
          17.205,
          2024-01-01T15:00:00.000Z,
          2024-01-01T16:00:00.000Z,
        ],
        [
          1704126600000,
          17.395999999999997,
          2024-01-01T16:00:00.000Z,
          2024-01-01T17:00:00.000Z,
        ],
        [
          1704130200000,
          19.316,
          2024-01-01T17:00:00.000Z,
          2024-01-01T18:00:00.000Z,
        ],
        [
          1704133800000,
          19.317999999999998,
          2024-01-01T18:00:00.000Z,
          2024-01-01T19:00:00.000Z,
        ],
        [
          1704137400000,
          19.462999999999997,
          2024-01-01T19:00:00.000Z,
          2024-01-01T20:00:00.000Z,
        ],
        [
          1704141000000,
          20.517,
          2024-01-01T20:00:00.000Z,
          2024-01-01T21:00:00.000Z,
        ],
        [
          1704144600000,
          21.872999999999998,
          2024-01-01T21:00:00.000Z,
          2024-01-01T22:00:00.000Z,
        ],
        [
          1704148200000,
          23.429,
          2024-01-01T22:00:00.000Z,
          2024-01-01T23:00:00.000Z,
        ],
        [
          1704151800000,
          25.083,
          2024-01-01T23:00:00.000Z,
          2024-01-02T00:00:00.000Z,
        ],
      ],
      "id": "sensor.energy_a-sum",
      "itemStyle": {
        "borderColor": "#4269d0",
        "borderRadius": [
          4,
          4,
          0,
          0,
        ],
        "borderWidth": 1.5,
      },
      "lineStyle": {
        "width": 1.5,
      },
      "name": "sensor.energy_a (ui.components.statistics_charts.statistic_types.sum)",
      "sampling": "minmax",
      "smooth": false,
      "symbol": "none",
      "type": "bar",
    },
    {
      "animationDurationUpdate": 0,
      "color": "#f4bd4a7F",
      "cursor": "default",
      "data": [
        [
          1704069000000,
          0,
          2024-01-01T00:00:00.000Z,
          2024-01-01T01:00:00.000Z,
        ],
        [
          1704072600000,
          0.997,
          2024-01-01T01:00:00.000Z,
          2024-01-01T02:00:00.000Z,
        ],
        [
          1704076200000,
          1.689,
          2024-01-01T02:00:00.000Z,
          2024-01-01T03:00:00.000Z,
        ],
        [
          1704079800000,
          3.449,
          2024-01-01T03:00:00.000Z,
          2024-01-01T04:00:00.000Z,
        ],
        [
          1704083400000,
          5.115,
          2024-01-01T04:00:00.000Z,
          2024-01-01T05:00:00.000Z,
        ],
        [
          1704087000000,
          5.131,
          2024-01-01T05:00:00.000Z,
          2024-01-01T06:00:00.000Z,
        ],
        [
          1704090600000,
          5.763,
          2024-01-01T06:00:00.000Z,
          2024-01-01T07:00:00.000Z,
        ],
        [
          1704094200000,
          6.168,
          2024-01-01T07:00:00.000Z,
          2024-01-01T08:00:00.000Z,
        ],
        [
          1704097800000,
          6.95,
          2024-01-01T08:00:00.000Z,
          2024-01-01T09:00:00.000Z,
        ],
        [
          1704101400000,
          7.659,
          2024-01-01T09:00:00.000Z,
          2024-01-01T10:00:00.000Z,
        ],
        [
          1704105000000,
          9.062,
          2024-01-01T10:00:00.000Z,
          2024-01-01T11:00:00.000Z,
        ],
        [
          1704108600000,
          10.004999999999999,
          2024-01-01T11:00:00.000Z,
          2024-01-01T12:00:00.000Z,
        ],
        [
          1704112200000,
          10.341999999999999,
          2024-01-01T12:00:00.000Z,
          2024-01-01T13:00:00.000Z,
        ],
        [
          1704115800000,
          11.341,
          2024-01-01T13:00:00.000Z,
          2024-01-01T14:00:00.000Z,
        ],
        [
          1704119400000,
          13.114999999999998,
          2024-01-01T14:00:00.000Z,
          2024-01-01T15:00:00.000Z,
        ],
        [
          1704123000000,
          13.851999999999999,
          2024-01-01T15:00:00.000Z,
          2024-01-01T16:00:00.000Z,
        ],
        [
          1704126600000,
          14.758999999999999,
          2024-01-01T16:00:00.000Z,
          2024-01-01T17:00:00.000Z,
        ],
        [
          1704130200000,
          15.349999999999998,
          2024-01-01T17:00:00.000Z,
          2024-01-01T18:00:00.000Z,
        ],
        [
          1704133800000,
          16.808999999999997,
          2024-01-01T18:00:00.000Z,
          2024-01-01T19:00:00.000Z,
        ],
        [
          1704137400000,
          17.68,
          2024-01-01T19:00:00.000Z,
          2024-01-01T20:00:00.000Z,
        ],
        [
          1704141000000,
          17.806,
          2024-01-01T20:00:00.000Z,
          2024-01-01T21:00:00.000Z,
        ],
        [
          1704144600000,
          19.537,
          2024-01-01T21:00:00.000Z,
          2024-01-01T22:00:00.000Z,
        ],
        [
          1704148200000,
          20.448,
          2024-01-01T22:00:00.000Z,
          2024-01-01T23:00:00.000Z,
        ],
        [
          1704151800000,
          21.631,
          2024-01-01T23:00:00.000Z,
          2024-01-02T00:00:00.000Z,
        ],
      ],
      "id": "sensor.energy_b-sum",
      "itemStyle": {
        "borderColor": "#f4bd4a",
        "borderRadius": [
          4,
          4,
          0,
          0,
        ],
        "borderWidth": 1.5,
      },
      "lineStyle": {
        "width": 1.5,
      },
      "name": "sensor.energy_b (ui.components.statistics_charts.statistic_types.sum)",
      "sampling": "minmax",
      "smooth": false,
      "symbol": "none",
      "type": "bar",
    },
    {
      "color": "#4269d07F",
      "data": [],
      "id": "sensor.energy_a",
      "itemStyle": {
        "borderColor": "#4269d0",
      },
      "name": "sensor.energy_a",
      "type": "bar",
      "xAxisIndex": 1,
    },
    {
      "color": "#f4bd4a7F",
      "data": [],
      "id": "sensor.energy_b",
      "itemStyle": {
        "borderColor": "#f4bd4a",
      },
      "name": "sensor.energy_b",
      "type": "bar",
      "xAxisIndex": 1,
    },
  ],
  "legendData": [
    {
      "borderColor": "#4269d0",
      "color": "#4269d07F",
      "id": "sensor.energy_a",
      "name": "sensor.energy_a",
      "noLabelClick": false,
    },
    {
      "borderColor": "#f4bd4a",
      "color": "#f4bd4a7F",
      "id": "sensor.energy_b",
      "name": "sensor.energy_b",
      "noLabelClick": false,
    },
  ],
  "statisticIds": [
    "sensor.energy_a",
    "sensor.energy_b",
  ],
  "unit": "kWh",
  "yAxisFractionDigits": 0,
}
`;

exports[`generateStatisticsChartData > matches snapshot for a line chart with min/mean/max bands 1`] = `
{
  "datasets": [
    {
      "animationDurationUpdate": 0,
      "color": "#4269d07F",
      "cursor": "default",
      "data": [
        [
          1704070800000,
          25.29,
        ],
        [
          1704074400000,
          26.484,
        ],
        [
          1704078000000,
          29.26,
        ],
        [
          1704081600000,
          27.97,
        ],
        [
          1704085200000,
          26.332,
        ],
        [
          1704088800000,
          25.076,
        ],
        [
          1704092400000,
          26.013,
        ],
        [
          1704096000000,
          24.107,
        ],
        [
          1704099600000,
          23.35,
        ],
        [
          1704103200000,
          25.78,
        ],
        [
          1704106800000,
          23.864,
        ],
        [
          1704110400000,
          22.861,
        ],
        [
          1704114000000,
          23.186,
        ],
        [
          1704117600000,
          20.856,
        ],
        [
          1704121200000,
          20.749,
        ],
        [
          1704124800000,
          19.434,
        ],
        [
          1704128400000,
          21.834,
        ],
        [
          1704132000000,
          21.167,
        ],
        [
          1704135600000,
          22.814,
        ],
        [
          1704139200000,
          23.428,
        ],
        [
          1704142800000,
          21.781,
        ],
        [
          1704146400000,
          24.382,
        ],
        [
          1704150000000,
          26.231,
        ],
        [
          1704150000000,
          26.231,
        ],
      ],
      "id": "sensor.temp_indoor-min",
      "itemStyle": undefined,
      "lineStyle": {
        "width": 1.5,
      },
      "name": "sensor.temp_indoor (ui.components.statistics_charts.statistic_types.min)",
      "sampling": "lttb",
      "smooth": 0.4,
      "stack": "band-sensor.temp_indoor",
      "stackOrder": "seriesAsc",
      "stackStrategy": "all",
      "symbol": "none",
      "type": "line",
    },
    {
      "animationDurationUpdate": 0,
      "color": "#4269d0",
      "cursor": "default",
      "data": [
        [
          1704070800000,
          28.195,
        ],
        [
          1704074400000,
          28.646,
        ],
        [
          1704078000000,
          30.626,
        ],
        [
          1704081600000,
          29.181,
        ],
        [
          1704085200000,
          27.799,
        ],
        [
          1704088800000,
          27.378,
        ],
        [
          1704092400000,
          26.141,
        ],
        [
          1704096000000,
          26.503,
        ],
        [
          1704099600000,
          25.325,
        ],
        [
          1704103200000,
          26.358,
        ],
        [
          1704106800000,
          26.175,
        ],
        [
          1704110400000,
          25.132,
        ],
        [
          1704114000000,
          24.426,
        ],
        [
          1704117600000,
          23.034,
        ],
        [
          1704121200000,
          21.543,
        ],
        [
          1704124800000,
          22.032,
        ],
        [
          1704128400000,
          23.989,
        ],
        [
          1704132000000,
          23.199,
        ],
        [
          1704135600000,
          24.892,
        ],
        [
          1704139200000,
          26.23,
        ],
        [
          1704142800000,
          24.388,
        ],
        [
          1704146400000,
          25.912,
        ],
        [
          1704150000000,
          26.73,
        ],
        [
          1704150000000,
          26.73,
        ],
      ],
      "id": "sensor.temp_indoor-mean",
      "itemStyle": undefined,
      "lineStyle": {
        "width": 1.5,
      },
      "name": "sensor.temp_indoor (ui.components.statistics_charts.statistic_types.mean)",
      "sampling": "minmax",
      "smooth": 0.4,
      "symbol": "none",
      "type": "line",
    },
    {
      "animationDurationUpdate": 0,
      "areaStyle": {
        "color": "#4269d03F",
      },
      "color": "#4269d07F",
      "cursor": "default",
      "data": [
        [
          1704070800000,
          5.810000000000002,
          31.1,
        ],
        [
          1704074400000,
          4.324999999999999,
          30.809,
        ],
        [
          1704078000000,
          2.730999999999998,
          31.991,
        ],
        [
          1704081600000,
          2.423000000000002,
          30.393,
        ],
        [
          1704085200000,
          2.9349999999999987,
          29.267,
        ],
        [
          1704088800000,
          4.602999999999998,
          29.679,
        ],
        [
          1704092400000,
          0.2559999999999967,
          26.269,
        ],
        [
          1704096000000,
          4.792000000000002,
          28.899,
        ],
        [
          1704099600000,
          3.948999999999998,
          27.299,
        ],
        [
          1704103200000,
          1.157,
          26.937,
        ],
        [
          1704106800000,
          4.622,
          28.486,
        ],
        [
          1704110400000,
          4.541999999999998,
          27.403,
        ],
        [
          1704114000000,
          2.478999999999999,
          25.665,
        ],
        [
          1704117600000,
          4.355999999999998,
          25.212,
        ],
        [
          1704121200000,
          1.588000000000001,
          22.337,
        ],
        [
          1704124800000,
          5.195,
          24.629,
        ],
        [
          1704128400000,
          4.309999999999999,
          26.144,
        ],
        [
          1704132000000,
          4.062999999999999,
          25.23,
        ],
        [
          1704135600000,
          4.155999999999999,
          26.97,
        ],
        [
          1704139200000,
          5.602999999999998,
          29.031,
        ],
        [
          1704142800000,
          5.213000000000001,
          26.994,
        ],
        [
          1704146400000,
          3.061,
          27.443,
        ],
        [
          1704150000000,
          0.9979999999999976,
          27.229,
        ],
        [
          1704150000000,
          0.9979999999999976,
          27.229,
        ],
      ],
      "id": "sensor.temp_indoor-max",
      "itemStyle": undefined,
      "lineStyle": {
        "width": 1.5,
      },
      "name": "sensor.temp_indoor (ui.components.statistics_charts.statistic_types.max)",
      "sampling": "lttb",
      "smooth": 0.4,
      "stack": "band-sensor.temp_indoor",
      "stackOrder": "seriesAsc",
      "stackStrategy": "all",
      "symbol": "none",
      "type": "line",
    },
    {
      "animationDurationUpdate": 0,
      "color": "#f4bd4a7F",
      "cursor": "default",
      "data": [
        [
          1704067200000,
          18.857,
        ],
        [
          1704070800000,
          19.965,
        ],
        [
          1704074400000,
          21.419,
        ],
        [
          1704078000000,
          18.951,
        ],
        [
          1704081600000,
          20.201,
        ],
        [
          1704085200000,
          19.721,
        ],
        [
          1704088800000,
          20.442,
        ],
        [
          1704092400000,
          21.382,
        ],
        [
          1704096000000,
          20.415,
        ],
        [
          1704099600000,
          21.65,
        ],
        [
          1704103200000,
          23.174,
        ],
        [
          1704106800000,
          21.225,
        ],
        [
          1704110400000,
          20.278,
        ],
        [
          1704114000000,
          21.665,
        ],
        [
          1704117600000,
          19.353,
        ],
        [
          1704121200000,
          18.817,
        ],
        [
          1704124800000,
          20.564,
        ],
        [
          1704128400000,
          18.61,
        ],
        [
          1704132000000,
          21.888,
        ],
        [
          1704135600000,
          20.639,
        ],
        [
          1704139200000,
          18.343,
        ],
        [
          1704142800000,
          18.517,
        ],
        [
          1704146400000,
          15.837,
        ],
        [
          1704150000000,
          19.331,
        ],
        [
          1704150000000,
          19.331,
        ],
      ],
      "id": "sensor.temp_outdoor-min",
      "itemStyle": undefined,
      "lineStyle": {
        "width": 1.5,
      },
      "name": "sensor.temp_outdoor (ui.components.statistics_charts.statistic_types.min)",
      "sampling": "lttb",
      "smooth": 0.4,
      "stack": "band-sensor.temp_outdoor",
      "stackOrder": "seriesAsc",
      "stackStrategy": "all",
      "symbol": "none",
      "type": "line",
    },
    {
      "animationDurationUpdate": 0,
      "color": "#f4bd4a",
      "cursor": "default",
      "data": [
        [
          1704067200000,
          19.856,
        ],
        [
          1704070800000,
          21.76,
        ],
        [
          1704074400000,
          22.469,
        ],
        [
          1704078000000,
          20.85,
        ],
        [
          1704081600000,
          22.238,
        ],
        [
          1704085200000,
          22.067,
        ],
        [
          1704088800000,
          22.179,
        ],
        [
          1704092400000,
          22.92,
        ],
        [
          1704096000000,
          22.809,
        ],
        [
          1704099600000,
          23.164,
        ],
        [
          1704103200000,
          24.459,
        ],
        [
          1704106800000,
          22.74,
        ],
        [
          1704110400000,
          21.029,
        ],
        [
          1704114000000,
          21.699,
        ],
        [
          1704117600000,
          21.165,
        ],
        [
          1704121200000,
          21.693,
        ],
        [
          1704124800000,
          21.801,
        ],
        [
          1704128400000,
          21.36,
        ],
        [
          1704132000000,
          22.909,
        ],
        [
          1704135600000,
          21.818,
        ],
        [
          1704139200000,
          19.831,
        ],
        [
          1704142800000,
          18.902,
        ],
        [
          1704146400000,
          18.398,
        ],
        [
          1704150000000,
          19.649,
        ],
        [
          1704150000000,
          19.649,
        ],
      ],
      "id": "sensor.temp_outdoor-mean",
      "itemStyle": undefined,
      "lineStyle": {
        "width": 1.5,
      },
      "name": "sensor.temp_outdoor (ui.components.statistics_charts.statistic_types.mean)",
      "sampling": "minmax",
      "smooth": 0.4,
      "symbol": "none",
      "type": "line",
    },
    {
      "animationDurationUpdate": 0,
      "areaStyle": {
        "color": "#f4bd4a3F",
      },
      "color": "#f4bd4a7F",
      "cursor": "default",
      "data": [
        [
          1704067200000,
          1.998000000000001,
          20.855,
        ],
        [
          1704070800000,
          3.59,
          23.555,
        ],
        [
          1704074400000,
          2.099999999999998,
          23.519,
        ],
        [
          1704078000000,
          3.7979999999999983,
          22.749,
        ],
        [
          1704081600000,
          4.074999999999999,
          24.276,
        ],
        [
          1704085200000,
          4.692,
          24.413,
        ],
        [
          1704088800000,
          3.4750000000000014,
          23.917,
        ],
        [
          1704092400000,
          3.075999999999997,
          24.458,
        ],
        [
          1704096000000,
          4.787000000000003,
          25.202,
        ],
        [
          1704099600000,
          3.029,
          24.679,
        ],
        [
          1704103200000,
          2.5700000000000003,
          25.744,
        ],
        [
          1704106800000,
          3.029,
          24.254,
        ],
        [
          1704110400000,
          1.5030000000000001,
          21.781,
        ],
        [
          1704114000000,
          0.06800000000000139,
          21.733,
        ],
        [
          1704117600000,
          3.625,
          22.978,
        ],
        [
          1704121200000,
          5.753,
          24.57,
        ],
        [
          1704124800000,
          2.472999999999999,
          23.037,
        ],
        [
          1704128400000,
          5.501000000000001,
          24.111,
        ],
        [
          1704132000000,
          2.0429999999999993,
          23.931,
        ],
        [
          1704135600000,
          2.3580000000000005,
          22.997,
        ],
        [
          1704139200000,
          2.9750000000000014,
          21.318,
        ],
        [
          1704142800000,
          0.7699999999999996,
          19.287,
        ],
        [
          1704146400000,
          5.122,
          20.959,
        ],
        [
          1704150000000,
          0.6350000000000016,
          19.966,
        ],
        [
          1704150000000,
          0.6350000000000016,
          19.966,
        ],
      ],
      "id": "sensor.temp_outdoor-max",
      "itemStyle": undefined,
      "lineStyle": {
        "width": 1.5,
      },
      "name": "sensor.temp_outdoor (ui.components.statistics_charts.statistic_types.max)",
      "sampling": "lttb",
      "smooth": 0.4,
      "stack": "band-sensor.temp_outdoor",
      "stackOrder": "seriesAsc",
      "stackStrategy": "all",
      "symbol": "none",
      "type": "line",
    },
    {
      "color": "#4269d0",
      "data": [],
      "id": "sensor.temp_indoor",
      "itemStyle": {
        "borderColor": undefined,
      },
      "name": "sensor.temp_indoor",
      "type": "line",
      "xAxisIndex": 1,
    },
    {
      "color": "#f4bd4a",
      "data": [],
      "id": "sensor.temp_outdoor",
      "itemStyle": {
        "borderColor": undefined,
      },
      "name": "sensor.temp_outdoor",
      "type": "line",
      "xAxisIndex": 1,
    },
  ],
  "legendData": [
    {
      "borderColor": undefined,
      "color": "#4269d0",
      "id": "sensor.temp_indoor",
      "name": "sensor.temp_indoor",
      "noLabelClick": false,
    },
    {
      "borderColor": undefined,
      "color": "#f4bd4a",
      "id": "sensor.temp_outdoor",
      "name": "sensor.temp_outdoor",
      "noLabelClick": false,
    },
  ],
  "statisticIds": [
    "sensor.temp_indoor",
    "sensor.temp_indoor",
    "sensor.temp_indoor",
    "sensor.temp_outdoor",
    "sensor.temp_outdoor",
    "sensor.temp_outdoor",
  ],
  "unit": "°C",
  "yAxisFractionDigits": 0,
}
`;

exports[`generateStatisticsChartData > matches snapshot for a stacked bar chart with change statistics 1`] = `
{
  "datasets": [
    {
      "animationDurationUpdate": 0,
      "color": "#4269d07F",
      "cursor": "default",
      "data": [
        [
          1704067200000,
          0.912,
          2024-01-01T00:00:00.000Z,
          2024-01-02T00:00:00.000Z,
        ],
        [
          1704153600000,
          1.526,
          2024-01-02T00:00:00.000Z,
          2024-01-03T00:00:00.000Z,
        ],
        [
          1704240000000,
          0.973,
          2024-01-03T00:00:00.000Z,
          2024-01-04T00:00:00.000Z,
        ],
        [
          1704326400000,
          0.527,
          2024-01-04T00:00:00.000Z,
          2024-01-05T00:00:00.000Z,
        ],
        [
          1704412800000,
          0.39,
          2024-01-05T00:00:00.000Z,
          2024-01-06T00:00:00.000Z,
        ],
        [
          1704499200000,
          1.428,
          2024-01-06T00:00:00.000Z,
          2024-01-07T00:00:00.000Z,
        ],
        [
          1704585600000,
          1.587,
          2024-01-07T00:00:00.000Z,
          2024-01-08T00:00:00.000Z,
        ],
      ],
      "id": "sensor.energy_a-change",
      "itemStyle": {
        "borderColor": "#4269d0",
        "borderWidth": 1.5,
      },
      "lineStyle": {
        "width": 1.5,
      },
      "name": "sensor.energy_a (ui.components.statistics_charts.statistic_types.change)",
      "sampling": "minmax",
      "smooth": false,
      "stack": "band-stacked",
      "stackStrategy": "samesign",
      "symbol": "none",
      "type": "bar",
    },
    {
      "animationDurationUpdate": 0,
      "color": "#f4bd4a7F",
      "cursor": "default",
      "data": [
        {
          "itemStyle": {
            "borderRadius": [
              4,
              4,
              0,
              0,
            ],
          },
          "value": [
            1704067200000,
            1.838,
            2024-01-01T00:00:00.000Z,
            2024-01-02T00:00:00.000Z,
          ],
        },
        {
          "itemStyle": {
            "borderRadius": [
              4,
              4,
              0,
              0,
            ],
          },
          "value": [
            1704153600000,
            1.081,
            2024-01-02T00:00:00.000Z,
            2024-01-03T00:00:00.000Z,
          ],
        },
        {
          "itemStyle": {
            "borderRadius": [
              4,
              4,
              0,
              0,
            ],
          },
          "value": [
            1704240000000,
            0.85,
            2024-01-03T00:00:00.000Z,
            2024-01-04T00:00:00.000Z,
          ],
        },
        {
          "itemStyle": {
            "borderRadius": [
              4,
              4,
              0,
              0,
            ],
          },
          "value": [
            1704326400000,
            1.967,
            2024-01-04T00:00:00.000Z,
            2024-01-05T00:00:00.000Z,
          ],
        },
        {
          "itemStyle": {
            "borderRadius": [
              4,
              4,
              0,
              0,
            ],
          },
          "value": [
            1704412800000,
            0.641,
            2024-01-05T00:00:00.000Z,
            2024-01-06T00:00:00.000Z,
          ],
        },
        {
          "itemStyle": {
            "borderRadius": [
              4,
              4,
              0,
              0,
            ],
          },
          "value": [
            1704499200000,
            0.764,
            2024-01-06T00:00:00.000Z,
            2024-01-07T00:00:00.000Z,
          ],
        },
        {
          "itemStyle": {
            "borderRadius": [
              4,
              4,
              0,
              0,
            ],
          },
          "value": [
            1704585600000,
            1.945,
            2024-01-07T00:00:00.000Z,
            2024-01-08T00:00:00.000Z,
          ],
        },
      ],
      "id": "sensor.energy_b-change",
      "itemStyle": {
        "borderColor": "#f4bd4a",
        "borderWidth": 1.5,
      },
      "lineStyle": {
        "width": 1.5,
      },
      "name": "sensor.energy_b (ui.components.statistics_charts.statistic_types.change)",
      "sampling": "minmax",
      "smooth": false,
      "stack": "band-stacked",
      "stackStrategy": "samesign",
      "symbol": "none",
      "type": "bar",
    },
    {
      "color": "#4269d07F",
      "data": [],
      "id": "sensor.energy_a",
      "itemStyle": {
        "borderColor": "#4269d0",
      },
      "name": "sensor.energy_a",
      "type": "bar",
      "xAxisIndex": 1,
    },
    {
      "color": "#f4bd4a7F",
      "data": [],
      "id": "sensor.energy_b",
      "itemStyle": {
        "borderColor": "#f4bd4a",
      },
      "name": "sensor.energy_b",
      "type": "bar",
      "xAxisIndex": 1,
    },
  ],
  "legendData": [
    {
      "borderColor": "#4269d0",
      "color": "#4269d07F",
      "id": "sensor.energy_a",
      "name": "sensor.energy_a",
      "noLabelClick": false,
    },
    {
      "borderColor": "#f4bd4a",
      "color": "#f4bd4a7F",
      "id": "sensor.energy_b",
      "name": "sensor.energy_b",
      "noLabelClick": false,
    },
  ],
  "statisticIds": [
    "sensor.energy_a",
    "sensor.energy_b",
  ],
  "unit": "kWh",
  "yAxisFractionDigits": 1,
}
`;

exports[`generateStatisticsChartData > matches snapshot with a hidden statistic 1`] = `
{
  "datasets": [
    {
      "animationDurationUpdate": 0,
      "color": "#4269d07F",
      "cursor": "default",
      "data": [],
      "id": "sensor.temp_indoor-min",
      "itemStyle": undefined,
      "lineStyle": {
        "width": 1.5,
      },
      "name": "sensor.temp_indoor (ui.components.statistics_charts.statistic_types.min)",
      "sampling": "lttb",
      "smooth": 0.4,
      "stack": "band-sensor.temp_indoor",
      "stackOrder": "seriesAsc",
      "stackStrategy": "all",
      "symbol": "none",
      "type": "line",
    },
    {
      "animationDurationUpdate": 0,
      "color": "#4269d0",
      "cursor": "default",
      "data": [],
      "id": "sensor.temp_indoor-mean",
      "itemStyle": undefined,
      "lineStyle": {
        "width": 1.5,
      },
      "name": "sensor.temp_indoor (ui.components.statistics_charts.statistic_types.mean)",
      "sampling": "minmax",
      "smooth": 0.4,
      "symbol": "none",
      "type": "line",
    },
    {
      "animationDurationUpdate": 0,
      "areaStyle": {
        "color": "#4269d03F",
      },
      "color": "#4269d07F",
      "cursor": "default",
      "data": [],
      "id": "sensor.temp_indoor-max",
      "itemStyle": undefined,
      "lineStyle": {
        "width": 1.5,
      },
      "name": "sensor.temp_indoor (ui.components.statistics_charts.statistic_types.max)",
      "sampling": "lttb",
      "smooth": 0.4,
      "stack": "band-sensor.temp_indoor",
      "stackOrder": "seriesAsc",
      "stackStrategy": "all",
      "symbol": "none",
      "type": "line",
    },
    {
      "animationDurationUpdate": 0,
      "color": "#f4bd4a7F",
      "cursor": "default",
      "data": [
        [
          1704067200000,
          19.714,
        ],
        [
          1704070800000,
          18,
        ],
        [
          1704074400000,
          16.731,
        ],
        [
          1704078000000,
          20.724,
        ],
        [
          1704081600000,
          21.26,
        ],
        [
          1704085200000,
          20.274,
        ],
        [
          1704088800000,
          19.838,
        ],
        [
          1704092400000,
          17.154,
        ],
        [
          1704096000000,
          18.855,
        ],
        [
          1704099600000,
          17.775,
        ],
        [
          1704103200000,
          16.254,
        ],
        [
          1704106800000,
          16.317,
        ],
        [
          1704110400000,
          13.494,
        ],
        [
          1704114000000,
          16,
        ],
        [
          1704117600000,
          15.817,
        ],
        [
          1704121200000,
          16.321,
        ],
        [
          1704124800000,
          16.893,
        ],
        [
          1704128400000,
          19.429,
        ],
        [
          1704132000000,
          21.805,
        ],
        [
          1704135600000,
          20.527,
        ],
        [
          1704139200000,
          20.744,
        ],
        [
          1704142800000,
          20.344,
        ],
        [
          1704146400000,
          17.657,
        ],
        [
          1704150000000,
          17.928,
        ],
        [
          1704150000000,
          17.928,
        ],
      ],
      "id": "sensor.temp_outdoor-min",
      "itemStyle": undefined,
      "lineStyle": {
        "width": 1.5,
      },
      "name": "sensor.temp_outdoor (ui.components.statistics_charts.statistic_types.min)",
      "sampling": "lttb",
      "smooth": 0.4,
      "stack": "band-sensor.temp_outdoor",
      "stackOrder": "seriesAsc",
      "stackStrategy": "all",
      "symbol": "none",
      "type": "line",
    },
    {
      "animationDurationUpdate": 0,
      "color": "#f4bd4a",
      "cursor": "default",
      "data": [
        [
          1704067200000,
          21.622,
        ],
        [
          1704070800000,
          19.672,
        ],
        [
          1704074400000,
          19.165,
        ],
        [
          1704078000000,
          20.729,
        ],
        [
          1704081600000,
          21.51,
        ],
        [
          1704085200000,
          21.525,
        ],
        [
          1704088800000,
          20.98,
        ],
        [
          1704092400000,
          19.316,
        ],
        [
          1704096000000,
          20.901,
        ],
        [
          1704099600000,
          20.254,
        ],
        [
          1704103200000,
          18.3,
        ],
        [
          1704106800000,
          17.019,
        ],
        [
          1704110400000,
          16.29,
        ],
        [
          1704114000000,
          18.124,
        ],
        [
          1704117600000,
          17.195,
        ],
        [
          1704121200000,
          18.433,
        ],
        [
          1704124800000,
          19.487,
        ],
        [
          1704128400000,
          20.267,
        ],
        [
          1704132000000,
          22.164,
        ],
        [
          1704135600000,
          21.45,
        ],
        [
          1704139200000,
          20.985,
        ],
        [
          1704142800000,
          21.575,
        ],
        [
          1704146400000,
          20.126,
        ],
        [
          1704150000000,
          20.625,
        ],
        [
          1704150000000,
          20.625,
        ],
      ],
      "id": "sensor.temp_outdoor-mean",
      "itemStyle": undefined,
      "lineStyle": {
        "width": 1.5,
      },
      "name": "sensor.temp_outdoor (ui.components.statistics_charts.statistic_types.mean)",
      "sampling": "minmax",
      "smooth": 0.4,
      "symbol": "none",
      "type": "line",
    },
    {
      "animationDurationUpdate": 0,
      "areaStyle": {
        "color": "#f4bd4a3F",
      },
      "color": "#f4bd4a7F",
      "cursor": "default",
      "data": [
        [
          1704067200000,
          3.8160000000000025,
          23.53,
        ],
        [
          1704070800000,
          3.344999999999999,
          21.345,
        ],
        [
          1704074400000,
          4.8679999999999986,
          21.599,
        ],
        [
          1704078000000,
          0.010000000000001563,
          20.734,
        ],
        [
          1704081600000,
          0.4989999999999988,
          21.759,
        ],
        [
          1704085200000,
          2.503,
          22.777,
        ],
        [
          1704088800000,
          2.283999999999999,
          22.122,
        ],
        [
          1704092400000,
          4.323,
          21.477,
        ],
        [
          1704096000000,
          4.091000000000001,
          22.946,
        ],
        [
          1704099600000,
          4.959000000000003,
          22.734,
        ],
        [
          1704103200000,
          4.093,
          20.347,
        ],
        [
          1704106800000,
          1.404,
          17.721,
        ],
        [
          1704110400000,
          5.591000000000001,
          19.085,
        ],
        [
          1704114000000,
          4.248000000000001,
          20.248,
        ],
        [
          1704117600000,
          2.754999999999999,
          18.572,
        ],
        [
          1704121200000,
          4.224999999999998,
          20.546,
        ],
        [
          1704124800000,
          5.187999999999999,
          22.081,
        ],
        [
          1704128400000,
          1.6750000000000007,
          21.104,
        ],
        [
          1704132000000,
          0.7190000000000012,
          22.524,
        ],
        [
          1704135600000,
          1.846,
          22.373,
        ],
        [
          1704139200000,
          0.48300000000000054,
          21.227,
        ],
        [
          1704142800000,
          2.4619999999999997,
          22.806,
        ],
        [
          1704146400000,
          4.937999999999999,
          22.595,
        ],
        [
          1704150000000,
          5.393000000000001,
          23.321,
        ],
        [
          1704150000000,
          5.393000000000001,
          23.321,
        ],
      ],
      "id": "sensor.temp_outdoor-max",
      "itemStyle": undefined,
      "lineStyle": {
        "width": 1.5,
      },
      "name": "sensor.temp_outdoor (ui.components.statistics_charts.statistic_types.max)",
      "sampling": "lttb",
      "smooth": 0.4,
      "stack": "band-sensor.temp_outdoor",
      "stackOrder": "seriesAsc",
      "stackStrategy": "all",
      "symbol": "none",
      "type": "line",
    },
    {
      "color": "#4269d0",
      "data": [],
      "id": "sensor.temp_indoor",
      "itemStyle": {
        "borderColor": undefined,
      },
      "name": "sensor.temp_indoor",
      "type": "line",
      "xAxisIndex": 1,
    },
    {
      "color": "#f4bd4a",
      "data": [],
      "id": "sensor.temp_outdoor",
      "itemStyle": {
        "borderColor": undefined,
      },
      "name": "sensor.temp_outdoor",
      "type": "line",
      "xAxisIndex": 1,
    },
  ],
  "legendData": [
    {
      "borderColor": undefined,
      "color": "#4269d0",
      "id": "sensor.temp_indoor",
      "name": "sensor.temp_indoor",
      "noLabelClick": false,
    },
    {
      "borderColor": undefined,
      "color": "#f4bd4a",
      "id": "sensor.temp_outdoor",
      "name": "sensor.temp_outdoor",
      "noLabelClick": false,
    },
  ],
  "statisticIds": [
    "sensor.temp_indoor",
    "sensor.temp_indoor",
    "sensor.temp_indoor",
    "sensor.temp_outdoor",
    "sensor.temp_outdoor",
    "sensor.temp_outdoor",
  ],
  "unit": "°C",
  "yAxisFractionDigits": 0,
}
`;
